[PID: 64832] 2026-04-30 23:44:30,520 - INFO - root - Loading draft cache...
[PID: 64832] 2026-04-30 23:44:34,289 - INFO - root - Draft cache loaded — 10396 hero/patch entries, 7893 synergy pairs, 15862 counter matchups.
[PID: 64832] 2026-04-30 23:44:34,289 - INFO - root - Loading player rating cache...
[PID: 64832] 2026-04-30 23:44:35,306 - INFO - root - Rating cache loaded — 73,411 players.
[PID: 66180] 2026-04-30 23:46:12,594 - INFO - root - Loading draft cache...
[PID: 66180] 2026-04-30 23:46:15,972 - INFO - root - Draft cache loaded — 10396 hero/patch entries, 7893 synergy pairs, 15862 counter matchups.
[PID: 66180] 2026-04-30 23:46:15,972 - INFO - root - Loading player rating cache...
[PID: 66180] 2026-04-30 23:46:17,022 - INFO - root - Rating cache loaded — 73,411 players.
[PID: 66180] 2026-04-30 23:46:18,140 - INFO - dash.dash - Dash is running on http://127.0.0.1:8050/

[PID: 66072] 2026-04-30 23:46:28,468 - INFO - root - Loading draft cache...
[PID: 66072] 2026-04-30 23:46:32,059 - INFO - root - Draft cache loaded — 10396 hero/patch entries, 7893 synergy pairs, 15862 counter matchups.
[PID: 66072] 2026-04-30 23:46:32,060 - INFO - root - Loading player rating cache...
[PID: 66072] 2026-04-30 23:46:33,052 - INFO - root - Rating cache loaded — 73,411 players.
[PID: 56528] 2026-04-30 23:50:01,370 - INFO - root - Loading draft cache...
[PID: 56528] 2026-04-30 23:50:05,923 - INFO - root - Draft cache loaded — 10396 hero/patch entries, 7893 synergy pairs, 15862 counter matchups.
[PID: 56528] 2026-04-30 23:50:05,923 - INFO - root - Loading player rating cache...
[PID: 56528] 2026-04-30 23:50:08,022 - INFO - root - Rating cache loaded — 73,411 players.
[PID: 56528] 2026-04-30 23:50:11,916 - INFO - dash.dash - Dash is running on http://127.0.0.1:8050/

[PID: 50840] 2026-04-30 23:50:23,121 - INFO - root - Loading draft cache...
[PID: 50840] 2026-04-30 23:50:26,599 - INFO - root - Draft cache loaded — 10396 hero/patch entries, 7893 synergy pairs, 15862 counter matchups.
[PID: 50840] 2026-04-30 23:50:26,599 - INFO - root - Loading player rating cache...
[PID: 50840] 2026-04-30 23:50:27,802 - INFO - root - Rating cache loaded — 73,411 players.
[PID: 4220] 2026-04-30 23:56:59,559 - INFO - dash.dash - Dash is running on http://127.0.0.1:8050/

[PID: 25232] 2026-04-30 23:58:31,142 - INFO - dash.dash - Dash is running on http://127.0.0.1:8050/

[PID: 49044] 2026-05-01 00:01:35,425 - INFO - dash.dash - Dash is running on http://127.0.0.1:8050/

