2026-02-18 13:22:54,735 | INFO | Starting weekly hero_stats data fetching...
2026-02-18 13:22:54,735 | INFO | Successfully inserted all data.
2026-02-18 13:34:54,443 | INFO | Starting weekly hero_stats data fetching...
2026-02-18 13:34:54,450 | ERROR | Weekly hero_stats fetching failed: failed to resolve host 'None': [Errno 10109] getaddrinfo failed
Traceback (most recent call last):
  File "C:\Users\benib\Projects\Dota\src\hero_stats_weekly.py", line 25, in main
    result = dbf.query_select(query)[0]
             ~~~~~~~~~~~~~~~~^^^^^^^
  File "C:\Users\benib\Projects\Dota\src\db_functions.py", line 37, in query_select
    with psycopg.connect(conn_str) as conn:
         ~~~~~~~~~~~~~~~^^^^^^^^^^
  File "C:\Users\benib\Projects\Dota\.venv\Lib\site-packages\psycopg\connection.py", line 100, in connect
    attempts = conninfo_attempts(params)
  File "C:\Users\benib\Projects\Dota\.venv\Lib\site-packages\psycopg\_conninfo_attempts.py", line 55, in conninfo_attempts
    raise last_exc
psycopg.OperationalError: failed to resolve host 'None': [Errno 10109] getaddrinfo failed
2026-02-18 13:52:41,724 | INFO | Starting weekly hero_stats data fetching...
2026-02-18 13:52:41,894 | INFO | Successfully inserted all data.
2026-02-18 13:53:39,984 | INFO | Starting weekly hero_stats data fetching...
2026-02-18 13:53:40,151 | INFO | Successfully inserted all data.
2026-02-18 14:47:25,506 | INFO | Starting weekly hero_stats data fetching...
2026-02-18 14:47:26,325 | INFO | HTTP Request: POST https://api.stratz.com/graphql "HTTP/1.1 200 OK"
2026-02-18 14:47:26,326 | INFO | Fetching hero stats for 127 heroes for week 2026-02-15 00:00:00+00:00
2026-02-18 14:47:26,555 | ERROR | Weekly hero_stats fetching failed: Object of type datetime is not JSON serializable
Traceback (most recent call last):
  File "C:\Users\benib\Projects\Dota\src\hero_stats_weekly.py", line 39, in main
    fetch_insert_hero_stats(db, hero_ids, week)
    ~~~~~~~~~~~~~~~~~~~~~~~^^^^^^^^^^^^^^^^^^^^
  File "C:\Users\benib\Projects\Dota\src\hero_stats_weekly.py", line 89, in fetch_insert_hero_stats
    hero_stats = db.query_stratz(query, variables=variables)['data']['heroStats']['stats']
                 ~~~~~~~~~~~~~~~^^^^^^^^^^^^^^^^^^^^^^^^^^^^
  File "C:\Users\benib\Projects\Dota\src\db_functions.py", line 132, in query_stratz
    response = client.post(
        url=self.api_url,
        json={'query': query, 'variables': variables}
    )
  File "C:\Users\benib\Projects\Dota\.venv\Lib\site-packages\httpx\_client.py", line 1144, in post
    return self.request(
           ~~~~~~~~~~~~^
        "POST",
        ^^^^^^^
    ...<11 lines>...
        extensions=extensions,
        ^^^^^^^^^^^^^^^^^^^^^^
    )
    ^
  File "C:\Users\benib\Projects\Dota\.venv\Lib\site-packages\httpx\_client.py", line 812, in request
    request = self.build_request(
        method=method,
    ...<9 lines>...
        extensions=extensions,
    )
  File "C:\Users\benib\Projects\Dota\.venv\Lib\site-packages\httpx\_client.py", line 378, in build_request
    return Request(
        method,
    ...<8 lines>...
        extensions=extensions,
    )
  File "C:\Users\benib\Projects\Dota\.venv\Lib\site-packages\httpx\_models.py", line 408, in __init__
    headers, stream = encode_request(
                      ~~~~~~~~~~~~~~^
        content=content,
        ^^^^^^^^^^^^^^^^
    ...<7 lines>...
        ),
        ^^
    )
    ^
  File "C:\Users\benib\Projects\Dota\.venv\Lib\site-packages\httpx\_content.py", line 216, in encode_request
    return encode_json(json)
  File "C:\Users\benib\Projects\Dota\.venv\Lib\site-packages\httpx\_content.py", line 177, in encode_json
    body = json_dumps(
           ~~~~~~~~~~^
        json, ensure_ascii=False, separators=(",", ":"), allow_nan=False
        ^^^^^^^^^^^^^^^^^^^^^^^^^^^^^^^^^^^^^^^^^^^^^^^^^^^^^^^^^^^^^^^^
    ).encode("utf-8")
    ^
  File "C:\Users\benib\AppData\Local\Programs\Python\Python313\Lib\json\__init__.py", line 238, in dumps
    **kw).encode(obj)
          ~~~~~~^^^^^
  File "C:\Users\benib\AppData\Local\Programs\Python\Python313\Lib\json\encoder.py", line 200, in encode
    chunks = self.iterencode(o, _one_shot=True)
  File "C:\Users\benib\AppData\Local\Programs\Python\Python313\Lib\json\encoder.py", line 261, in iterencode
    return _iterencode(o, 0)
  File "C:\Users\benib\AppData\Local\Programs\Python\Python313\Lib\json\encoder.py", line 180, in default
    raise TypeError(f'Object of type {o.__class__.__name__} '
                    f'is not JSON serializable')
TypeError: Object of type datetime is not JSON serializable
2026-02-18 14:49:06,992 | INFO | Starting weekly hero_stats data fetching...
2026-02-18 14:49:07,761 | INFO | HTTP Request: POST https://api.stratz.com/graphql "HTTP/1.1 200 OK"
2026-02-18 14:49:07,762 | INFO | Fetching hero stats for 127 heroes for week 1771113600.0
2026-02-18 14:49:08,236 | INFO | HTTP Request: POST https://api.stratz.com/graphql "HTTP/1.1 400 Bad Request"
2026-02-18 14:49:08,237 | ERROR | Weekly hero_stats fetching failed: GraphQL Error: [{'message': "Variable '$week' is invalid. Unable to convert '1771113600.0' to 'Long'", 'locations': [{'line': 2, 'column': 35}], 'extensions': {'code': 'INVALID_VALUE', 'codes': ['INVALID_VALUE', 'INVALID_OPERATION'], 'number': '5.8'}}]
Traceback (most recent call last):
  File "C:\Users\benib\Projects\Dota\src\hero_stats_weekly.py", line 39, in main
    fetch_insert_hero_stats(db, hero_ids, week)
    ~~~~~~~~~~~~~~~~~~~~~~~^^^^^^^^^^^^^^^^^^^^
  File "C:\Users\benib\Projects\Dota\src\hero_stats_weekly.py", line 89, in fetch_insert_hero_stats
    hero_stats = db.query_stratz(query, variables=variables)['data']['heroStats']['stats']
                 ~~~~~~~~~~~~~~~^^^^^^^^^^^^^^^^^^^^^^^^^^^^
  File "C:\Users\benib\Projects\Dota\src\db_functions.py", line 138, in query_stratz
    raise Exception(f"GraphQL Error: {result['errors']}")
Exception: GraphQL Error: [{'message': "Variable '$week' is invalid. Unable to convert '1771113600.0' to 'Long'", 'locations': [{'line': 2, 'column': 35}], 'extensions': {'code': 'INVALID_VALUE', 'codes': ['INVALID_VALUE', 'INVALID_OPERATION'], 'number': '5.8'}}]
2026-02-18 14:49:44,294 | INFO | Starting weekly hero_stats data fetching...
2026-02-18 14:49:45,037 | INFO | HTTP Request: POST https://api.stratz.com/graphql "HTTP/1.1 200 OK"
2026-02-18 14:49:45,038 | INFO | Fetching hero stats for 127 heroes for week 1771113600
2026-02-18 14:49:45,750 | INFO | HTTP Request: POST https://api.stratz.com/graphql "HTTP/1.1 200 OK"
2026-02-18 14:49:46,012 | INFO | Successfully inserted hero statistics data
2026-02-18 14:49:46,012 | INFO | Fetching matchup stats for 127 heroes for week 1771113600
2026-02-18 14:49:47,595 | INFO | HTTP Request: POST https://api.stratz.com/graphql "HTTP/1.1 200 OK"
2026-02-18 14:49:48,087 | ERROR | Weekly hero_stats fetching failed: If using all scalar values, you must pass an index
Traceback (most recent call last):
  File "C:\Users\benib\Projects\Dota\src\hero_stats_weekly.py", line 40, in main
    fetch_insert_matchup_start(db, hero_ids, week)
    ~~~~~~~~~~~~~~~~~~~~~~~~~~^^^^^^^^^^^^^^^^^^^^
  File "C:\Users\benib\Projects\Dota\src\hero_stats_weekly.py", line 147, in fetch_insert_matchup_start
    matchup_stats = pd.DataFrame(
        {
    ...<4 lines>...
        }
    )
  File "C:\Users\benib\Projects\Dota\.venv\Lib\site-packages\pandas\core\frame.py", line 782, in __init__
    mgr = dict_to_mgr(data, index, columns, dtype=dtype, copy=copy, typ=manager)
  File "C:\Users\benib\Projects\Dota\.venv\Lib\site-packages\pandas\core\internals\construction.py", line 503, in dict_to_mgr
    return arrays_to_mgr(arrays, columns, index, dtype=dtype, typ=typ, consolidate=copy)
  File "C:\Users\benib\Projects\Dota\.venv\Lib\site-packages\pandas\core\internals\construction.py", line 114, in arrays_to_mgr
    index = _extract_index(arrays)
  File "C:\Users\benib\Projects\Dota\.venv\Lib\site-packages\pandas\core\internals\construction.py", line 667, in _extract_index
    raise ValueError("If using all scalar values, you must pass an index")
ValueError: If using all scalar values, you must pass an index
2026-02-18 14:52:54,349 | INFO | Starting weekly hero_stats data fetching...
2026-02-18 14:52:55,104 | INFO | HTTP Request: POST https://api.stratz.com/graphql "HTTP/1.1 200 OK"
2026-02-18 14:52:55,105 | INFO | Fetching hero stats for 127 heroes for week 1771113600
2026-02-18 14:52:55,800 | INFO | HTTP Request: POST https://api.stratz.com/graphql "HTTP/1.1 200 OK"
2026-02-18 14:52:56,043 | INFO | Successfully inserted hero statistics data
2026-02-18 14:52:56,043 | INFO | Fetching matchup stats for 127 heroes for week 1771113600
2026-02-18 14:52:56,857 | INFO | HTTP Request: POST https://api.stratz.com/graphql "HTTP/1.1 200 OK"
2026-02-18 14:52:57,350 | ERROR | Weekly hero_stats fetching failed: 'builtin_function_or_method' object is not subscriptable
Traceback (most recent call last):
  File "C:\Users\benib\Projects\Dota\src\hero_stats_weekly.py", line 40, in main
    fetch_insert_matchup_start(db, hero_ids, week)
    ~~~~~~~~~~~~~~~~~~~~~~~~~~^^^^^^^^^^^^^^^^^^^^
  File "C:\Users\benib\Projects\Dota\src\hero_stats_weekly.py", line 154, in fetch_insert_matchup_start
    if hero_data.get['with']:
       ~~~~~~~~~~~~~^^^^^^^^
TypeError: 'builtin_function_or_method' object is not subscriptable
2026-02-18 14:53:37,579 | INFO | Starting weekly hero_stats data fetching...
2026-02-18 14:53:38,314 | INFO | HTTP Request: POST https://api.stratz.com/graphql "HTTP/1.1 200 OK"
2026-02-18 14:53:38,315 | INFO | Fetching hero stats for 127 heroes for week 1771113600
2026-02-18 14:53:39,024 | INFO | HTTP Request: POST https://api.stratz.com/graphql "HTTP/1.1 200 OK"
2026-02-18 14:53:39,256 | INFO | Successfully inserted hero statistics data
2026-02-18 14:53:39,257 | INFO | Fetching matchup stats for 127 heroes for week 1771113600
2026-02-18 14:53:39,777 | INFO | HTTP Request: POST https://api.stratz.com/graphql "HTTP/1.1 200 OK"
2026-02-18 14:53:41,193 | INFO | Successfully inserted matchup statistics data
2026-02-18 14:53:41,194 | INFO | Fetching item purchase, talent and ability min-max stats for 127 heroes for week 1771113600
2026-02-18 14:53:41,672 | INFO | HTTP Request: POST https://api.stratz.com/graphql "HTTP/1.1 200 OK"
2026-02-18 14:53:42,166 | INFO | HTTP Request: POST https://api.stratz.com/graphql "HTTP/1.1 200 OK"
2026-02-18 14:53:42,683 | INFO | HTTP Request: POST https://api.stratz.com/graphql "HTTP/1.1 200 OK"
2026-02-18 14:53:43,185 | INFO | HTTP Request: POST https://api.stratz.com/graphql "HTTP/1.1 200 OK"
2026-02-18 14:53:43,679 | INFO | HTTP Request: POST https://api.stratz.com/graphql "HTTP/1.1 200 OK"
2026-02-18 14:53:44,186 | INFO | HTTP Request: POST https://api.stratz.com/graphql "HTTP/1.1 200 OK"
2026-02-18 14:53:44,705 | INFO | HTTP Request: POST https://api.stratz.com/graphql "HTTP/1.1 200 OK"
2026-02-18 14:53:45,180 | INFO | HTTP Request: POST https://api.stratz.com/graphql "HTTP/1.1 200 OK"
2026-02-18 14:53:45,702 | INFO | HTTP Request: POST https://api.stratz.com/graphql "HTTP/1.1 200 OK"
2026-02-18 14:53:46,194 | INFO | HTTP Request: POST https://api.stratz.com/graphql "HTTP/1.1 200 OK"
2026-02-18 14:53:46,723 | INFO | HTTP Request: POST https://api.stratz.com/graphql "HTTP/1.1 200 OK"
2026-02-18 14:53:47,227 | INFO | HTTP Request: POST https://api.stratz.com/graphql "HTTP/1.1 200 OK"
2026-02-18 14:53:47,705 | INFO | HTTP Request: POST https://api.stratz.com/graphql "HTTP/1.1 200 OK"
2026-02-18 14:53:48,204 | INFO | HTTP Request: POST https://api.stratz.com/graphql "HTTP/1.1 200 OK"
2026-02-18 14:53:48,742 | INFO | HTTP Request: POST https://api.stratz.com/graphql "HTTP/1.1 200 OK"
2026-02-18 14:53:49,229 | INFO | HTTP Request: POST https://api.stratz.com/graphql "HTTP/1.1 200 OK"
2026-02-18 14:53:49,707 | INFO | HTTP Request: POST https://api.stratz.com/graphql "HTTP/1.1 200 OK"
2026-02-18 14:53:50,194 | INFO | HTTP Request: POST https://api.stratz.com/graphql "HTTP/1.1 200 OK"
2026-02-18 14:53:50,715 | INFO | HTTP Request: POST https://api.stratz.com/graphql "HTTP/1.1 200 OK"
2026-02-18 14:53:51,264 | INFO | HTTP Request: POST https://api.stratz.com/graphql "HTTP/1.1 200 OK"
2026-02-18 14:53:51,784 | INFO | HTTP Request: POST https://api.stratz.com/graphql "HTTP/1.1 200 OK"
2026-02-18 14:53:52,303 | INFO | HTTP Request: POST https://api.stratz.com/graphql "HTTP/1.1 200 OK"
2026-02-18 14:53:52,843 | INFO | HTTP Request: POST https://api.stratz.com/graphql "HTTP/1.1 200 OK"
2026-02-18 14:53:53,387 | INFO | HTTP Request: POST https://api.stratz.com/graphql "HTTP/1.1 200 OK"
2026-02-18 14:53:53,886 | INFO | HTTP Request: POST https://api.stratz.com/graphql "HTTP/1.1 200 OK"
2026-02-18 14:53:54,475 | INFO | HTTP Request: POST https://api.stratz.com/graphql "HTTP/1.1 200 OK"
2026-02-18 14:53:54,995 | INFO | HTTP Request: POST https://api.stratz.com/graphql "HTTP/1.1 200 OK"
2026-02-18 14:53:55,533 | INFO | HTTP Request: POST https://api.stratz.com/graphql "HTTP/1.1 200 OK"
2026-02-18 14:53:56,028 | INFO | HTTP Request: POST https://api.stratz.com/graphql "HTTP/1.1 200 OK"
2026-02-18 14:53:56,557 | INFO | HTTP Request: POST https://api.stratz.com/graphql "HTTP/1.1 200 OK"
2026-02-18 14:53:57,056 | INFO | HTTP Request: POST https://api.stratz.com/graphql "HTTP/1.1 200 OK"
2026-02-18 14:53:57,537 | INFO | HTTP Request: POST https://api.stratz.com/graphql "HTTP/1.1 200 OK"
2026-02-18 14:53:58,033 | INFO | HTTP Request: POST https://api.stratz.com/graphql "HTTP/1.1 200 OK"
2026-02-18 14:53:58,628 | INFO | HTTP Request: POST https://api.stratz.com/graphql "HTTP/1.1 200 OK"
2026-02-18 14:53:59,140 | INFO | HTTP Request: POST https://api.stratz.com/graphql "HTTP/1.1 200 OK"
2026-02-18 14:53:59,630 | INFO | HTTP Request: POST https://api.stratz.com/graphql "HTTP/1.1 200 OK"
2026-02-18 14:54:00,094 | INFO | HTTP Request: POST https://api.stratz.com/graphql "HTTP/1.1 200 OK"
2026-02-18 14:54:00,587 | INFO | HTTP Request: POST https://api.stratz.com/graphql "HTTP/1.1 200 OK"
2026-02-18 14:54:01,136 | INFO | HTTP Request: POST https://api.stratz.com/graphql "HTTP/1.1 200 OK"
2026-02-18 14:54:01,645 | INFO | HTTP Request: POST https://api.stratz.com/graphql "HTTP/1.1 200 OK"
2026-02-18 14:54:02,170 | INFO | HTTP Request: POST https://api.stratz.com/graphql "HTTP/1.1 200 OK"
2026-02-18 14:54:02,694 | INFO | HTTP Request: POST https://api.stratz.com/graphql "HTTP/1.1 200 OK"
2026-02-18 14:54:03,345 | INFO | HTTP Request: POST https://api.stratz.com/graphql "HTTP/1.1 200 OK"
2026-02-18 14:54:03,866 | INFO | HTTP Request: POST https://api.stratz.com/graphql "HTTP/1.1 200 OK"
2026-02-18 14:54:04,391 | INFO | HTTP Request: POST https://api.stratz.com/graphql "HTTP/1.1 200 OK"
2026-02-18 14:54:04,885 | INFO | HTTP Request: POST https://api.stratz.com/graphql "HTTP/1.1 200 OK"
2026-02-18 14:54:05,385 | INFO | HTTP Request: POST https://api.stratz.com/graphql "HTTP/1.1 200 OK"
2026-02-18 14:54:05,927 | INFO | HTTP Request: POST https://api.stratz.com/graphql "HTTP/1.1 200 OK"
2026-02-18 14:54:06,465 | INFO | HTTP Request: POST https://api.stratz.com/graphql "HTTP/1.1 200 OK"
2026-02-18 14:54:07,106 | INFO | HTTP Request: POST https://api.stratz.com/graphql "HTTP/1.1 200 OK"
2026-02-18 14:54:07,635 | INFO | HTTP Request: POST https://api.stratz.com/graphql "HTTP/1.1 200 OK"
2026-02-18 14:54:08,171 | INFO | HTTP Request: POST https://api.stratz.com/graphql "HTTP/1.1 200 OK"
2026-02-18 14:54:09,049 | INFO | HTTP Request: POST https://api.stratz.com/graphql "HTTP/1.1 200 OK"
2026-02-18 14:54:09,568 | INFO | HTTP Request: POST https://api.stratz.com/graphql "HTTP/1.1 200 OK"
2026-02-18 14:54:10,067 | INFO | HTTP Request: POST https://api.stratz.com/graphql "HTTP/1.1 200 OK"
2026-02-18 14:54:10,576 | INFO | HTTP Request: POST https://api.stratz.com/graphql "HTTP/1.1 200 OK"
2026-02-18 14:54:11,086 | INFO | HTTP Request: POST https://api.stratz.com/graphql "HTTP/1.1 200 OK"
2026-02-18 14:54:11,554 | INFO | HTTP Request: POST https://api.stratz.com/graphql "HTTP/1.1 200 OK"
2026-02-18 14:54:12,124 | INFO | HTTP Request: POST https://api.stratz.com/graphql "HTTP/1.1 200 OK"
2026-02-18 14:54:12,631 | INFO | HTTP Request: POST https://api.stratz.com/graphql "HTTP/1.1 200 OK"
2026-02-18 14:54:13,135 | INFO | HTTP Request: POST https://api.stratz.com/graphql "HTTP/1.1 200 OK"
2026-02-18 14:54:13,656 | INFO | HTTP Request: POST https://api.stratz.com/graphql "HTTP/1.1 200 OK"
2026-02-18 14:54:14,231 | INFO | HTTP Request: POST https://api.stratz.com/graphql "HTTP/1.1 200 OK"
2026-02-18 14:54:14,745 | INFO | HTTP Request: POST https://api.stratz.com/graphql "HTTP/1.1 200 OK"
2026-02-18 14:54:15,236 | INFO | HTTP Request: POST https://api.stratz.com/graphql "HTTP/1.1 200 OK"
2026-02-18 14:54:15,756 | INFO | HTTP Request: POST https://api.stratz.com/graphql "HTTP/1.1 200 OK"
2026-02-18 14:54:16,242 | INFO | HTTP Request: POST https://api.stratz.com/graphql "HTTP/1.1 200 OK"
2026-02-18 14:54:16,750 | INFO | HTTP Request: POST https://api.stratz.com/graphql "HTTP/1.1 200 OK"
2026-02-18 14:54:17,256 | INFO | HTTP Request: POST https://api.stratz.com/graphql "HTTP/1.1 200 OK"
2026-02-18 14:54:17,754 | INFO | HTTP Request: POST https://api.stratz.com/graphql "HTTP/1.1 200 OK"
2026-02-18 14:54:18,288 | INFO | HTTP Request: POST https://api.stratz.com/graphql "HTTP/1.1 200 OK"
2026-02-18 14:54:18,798 | INFO | HTTP Request: POST https://api.stratz.com/graphql "HTTP/1.1 200 OK"
2026-02-18 14:54:19,297 | INFO | HTTP Request: POST https://api.stratz.com/graphql "HTTP/1.1 200 OK"
2026-02-18 14:54:19,857 | INFO | HTTP Request: POST https://api.stratz.com/graphql "HTTP/1.1 200 OK"
2026-02-18 14:54:20,343 | INFO | HTTP Request: POST https://api.stratz.com/graphql "HTTP/1.1 200 OK"
2026-02-18 14:54:20,864 | INFO | HTTP Request: POST https://api.stratz.com/graphql "HTTP/1.1 200 OK"
2026-02-18 14:54:21,404 | INFO | HTTP Request: POST https://api.stratz.com/graphql "HTTP/1.1 200 OK"
2026-02-18 14:54:21,901 | INFO | HTTP Request: POST https://api.stratz.com/graphql "HTTP/1.1 200 OK"
2026-02-18 14:54:22,418 | INFO | HTTP Request: POST https://api.stratz.com/graphql "HTTP/1.1 200 OK"
2026-02-18 14:54:22,898 | INFO | HTTP Request: POST https://api.stratz.com/graphql "HTTP/1.1 200 OK"
2026-02-18 14:54:23,401 | INFO | HTTP Request: POST https://api.stratz.com/graphql "HTTP/1.1 200 OK"
2026-02-18 14:54:23,917 | INFO | HTTP Request: POST https://api.stratz.com/graphql "HTTP/1.1 200 OK"
2026-02-18 14:54:24,396 | INFO | HTTP Request: POST https://api.stratz.com/graphql "HTTP/1.1 200 OK"
2026-02-18 14:54:24,911 | INFO | HTTP Request: POST https://api.stratz.com/graphql "HTTP/1.1 200 OK"
2026-02-18 14:54:25,427 | INFO | HTTP Request: POST https://api.stratz.com/graphql "HTTP/1.1 200 OK"
2026-02-18 14:54:25,920 | INFO | HTTP Request: POST https://api.stratz.com/graphql "HTTP/1.1 200 OK"
2026-02-18 14:54:26,426 | INFO | HTTP Request: POST https://api.stratz.com/graphql "HTTP/1.1 200 OK"
2026-02-18 14:54:26,929 | INFO | HTTP Request: POST https://api.stratz.com/graphql "HTTP/1.1 200 OK"
2026-02-18 14:54:27,422 | INFO | HTTP Request: POST https://api.stratz.com/graphql "HTTP/1.1 200 OK"
2026-02-18 14:54:27,889 | INFO | HTTP Request: POST https://api.stratz.com/graphql "HTTP/1.1 200 OK"
2026-02-18 14:54:28,349 | INFO | HTTP Request: POST https://api.stratz.com/graphql "HTTP/1.1 200 OK"
2026-02-18 14:54:28,862 | INFO | HTTP Request: POST https://api.stratz.com/graphql "HTTP/1.1 200 OK"
2026-02-18 14:54:29,345 | INFO | HTTP Request: POST https://api.stratz.com/graphql "HTTP/1.1 200 OK"
2026-02-18 14:54:29,803 | INFO | HTTP Request: POST https://api.stratz.com/graphql "HTTP/1.1 200 OK"
2026-02-18 14:54:30,275 | INFO | HTTP Request: POST https://api.stratz.com/graphql "HTTP/1.1 200 OK"
2026-02-18 14:54:30,761 | INFO | HTTP Request: POST https://api.stratz.com/graphql "HTTP/1.1 200 OK"
2026-02-18 14:54:31,267 | INFO | HTTP Request: POST https://api.stratz.com/graphql "HTTP/1.1 200 OK"
2026-02-18 14:54:31,791 | INFO | HTTP Request: POST https://api.stratz.com/graphql "HTTP/1.1 200 OK"
2026-02-18 14:54:32,285 | INFO | HTTP Request: POST https://api.stratz.com/graphql "HTTP/1.1 200 OK"
2026-02-18 14:54:32,803 | INFO | HTTP Request: POST https://api.stratz.com/graphql "HTTP/1.1 200 OK"
2026-02-18 14:54:33,293 | INFO | HTTP Request: POST https://api.stratz.com/graphql "HTTP/1.1 200 OK"
2026-02-18 14:54:33,790 | INFO | HTTP Request: POST https://api.stratz.com/graphql "HTTP/1.1 200 OK"
2026-02-18 14:54:34,307 | INFO | HTTP Request: POST https://api.stratz.com/graphql "HTTP/1.1 200 OK"
2026-02-18 14:54:34,831 | INFO | HTTP Request: POST https://api.stratz.com/graphql "HTTP/1.1 200 OK"
2026-02-18 14:54:35,340 | INFO | HTTP Request: POST https://api.stratz.com/graphql "HTTP/1.1 200 OK"
2026-02-18 14:54:35,874 | INFO | HTTP Request: POST https://api.stratz.com/graphql "HTTP/1.1 200 OK"
2026-02-18 14:54:36,373 | INFO | HTTP Request: POST https://api.stratz.com/graphql "HTTP/1.1 200 OK"
2026-02-18 14:54:36,842 | INFO | HTTP Request: POST https://api.stratz.com/graphql "HTTP/1.1 200 OK"
2026-02-18 14:54:37,317 | INFO | HTTP Request: POST https://api.stratz.com/graphql "HTTP/1.1 200 OK"
2026-02-18 14:54:37,811 | INFO | HTTP Request: POST https://api.stratz.com/graphql "HTTP/1.1 200 OK"
2026-02-18 14:54:38,335 | INFO | HTTP Request: POST https://api.stratz.com/graphql "HTTP/1.1 200 OK"
2026-02-18 14:54:38,836 | INFO | HTTP Request: POST https://api.stratz.com/graphql "HTTP/1.1 200 OK"
2026-02-18 14:54:39,329 | INFO | HTTP Request: POST https://api.stratz.com/graphql "HTTP/1.1 200 OK"
2026-02-18 14:54:39,818 | INFO | HTTP Request: POST https://api.stratz.com/graphql "HTTP/1.1 200 OK"
2026-02-18 14:54:40,310 | INFO | HTTP Request: POST https://api.stratz.com/graphql "HTTP/1.1 200 OK"
2026-02-18 14:54:40,804 | INFO | HTTP Request: POST https://api.stratz.com/graphql "HTTP/1.1 200 OK"
2026-02-18 14:54:41,317 | INFO | HTTP Request: POST https://api.stratz.com/graphql "HTTP/1.1 200 OK"
2026-02-18 14:54:41,812 | INFO | HTTP Request: POST https://api.stratz.com/graphql "HTTP/1.1 200 OK"
2026-02-18 14:54:42,317 | INFO | HTTP Request: POST https://api.stratz.com/graphql "HTTP/1.1 200 OK"
2026-02-18 14:54:42,814 | INFO | HTTP Request: POST https://api.stratz.com/graphql "HTTP/1.1 200 OK"
2026-02-18 14:54:43,350 | INFO | HTTP Request: POST https://api.stratz.com/graphql "HTTP/1.1 200 OK"
2026-02-18 14:54:43,840 | INFO | HTTP Request: POST https://api.stratz.com/graphql "HTTP/1.1 200 OK"
2026-02-18 14:54:44,395 | INFO | HTTP Request: POST https://api.stratz.com/graphql "HTTP/1.1 200 OK"
2026-02-18 14:54:44,871 | INFO | HTTP Request: POST https://api.stratz.com/graphql "HTTP/1.1 200 OK"
2026-02-18 14:54:45,393 | INFO | HTTP Request: POST https://api.stratz.com/graphql "HTTP/1.1 200 OK"
2026-02-18 14:54:45,890 | INFO | HTTP Request: POST https://api.stratz.com/graphql "HTTP/1.1 200 OK"
2026-02-18 14:54:46,417 | INFO | HTTP Request: POST https://api.stratz.com/graphql "HTTP/1.1 200 OK"
2026-02-18 14:54:47,976 | INFO | Successfully inserted item purchase timings, talent and ability min-max statistics data
2026-02-18 14:54:47,979 | INFO | Fetching lane outcome stats for 127 heroes for week 1771113600
2026-02-18 14:54:48,480 | INFO | HTTP Request: POST https://api.stratz.com/graphql "HTTP/1.1 200 OK"
2026-02-18 14:54:48,949 | INFO | HTTP Request: POST https://api.stratz.com/graphql "HTTP/1.1 200 OK"
2026-02-18 14:54:49,437 | INFO | HTTP Request: POST https://api.stratz.com/graphql "HTTP/1.1 200 OK"
2026-02-18 14:54:49,915 | INFO | HTTP Request: POST https://api.stratz.com/graphql "HTTP/1.1 200 OK"
2026-02-18 14:54:50,377 | INFO | HTTP Request: POST https://api.stratz.com/graphql "HTTP/1.1 200 OK"
2026-02-18 14:54:50,837 | INFO | HTTP Request: POST https://api.stratz.com/graphql "HTTP/1.1 200 OK"
2026-02-18 14:54:51,317 | INFO | HTTP Request: POST https://api.stratz.com/graphql "HTTP/1.1 200 OK"
2026-02-18 14:54:51,892 | INFO | HTTP Request: POST https://api.stratz.com/graphql "HTTP/1.1 200 OK"
2026-02-18 14:54:52,336 | INFO | HTTP Request: POST https://api.stratz.com/graphql "HTTP/1.1 200 OK"
2026-02-18 14:54:52,782 | INFO | HTTP Request: POST https://api.stratz.com/graphql "HTTP/1.1 200 OK"
2026-02-18 14:54:53,218 | INFO | HTTP Request: POST https://api.stratz.com/graphql "HTTP/1.1 200 OK"
2026-02-18 14:54:53,678 | INFO | HTTP Request: POST https://api.stratz.com/graphql "HTTP/1.1 200 OK"
2026-02-18 14:54:54,159 | INFO | HTTP Request: POST https://api.stratz.com/graphql "HTTP/1.1 200 OK"
2026-02-18 14:54:54,610 | INFO | HTTP Request: POST https://api.stratz.com/graphql "HTTP/1.1 200 OK"
2026-02-18 14:54:55,075 | INFO | HTTP Request: POST https://api.stratz.com/graphql "HTTP/1.1 200 OK"
2026-02-18 14:54:55,524 | INFO | HTTP Request: POST https://api.stratz.com/graphql "HTTP/1.1 200 OK"
2026-02-18 14:54:56,007 | INFO | HTTP Request: POST https://api.stratz.com/graphql "HTTP/1.1 200 OK"
2026-02-18 14:54:56,466 | INFO | HTTP Request: POST https://api.stratz.com/graphql "HTTP/1.1 200 OK"
2026-02-18 14:54:56,906 | INFO | HTTP Request: POST https://api.stratz.com/graphql "HTTP/1.1 200 OK"
2026-02-18 14:54:57,377 | INFO | HTTP Request: POST https://api.stratz.com/graphql "HTTP/1.1 200 OK"
2026-02-18 14:54:57,828 | INFO | HTTP Request: POST https://api.stratz.com/graphql "HTTP/1.1 200 OK"
2026-02-18 14:54:58,285 | INFO | HTTP Request: POST https://api.stratz.com/graphql "HTTP/1.1 200 OK"
2026-02-18 14:54:58,772 | INFO | HTTP Request: POST https://api.stratz.com/graphql "HTTP/1.1 200 OK"
2026-02-18 14:54:59,265 | INFO | HTTP Request: POST https://api.stratz.com/graphql "HTTP/1.1 200 OK"
2026-02-18 14:54:59,734 | INFO | HTTP Request: POST https://api.stratz.com/graphql "HTTP/1.1 200 OK"
2026-02-18 14:55:00,195 | INFO | HTTP Request: POST https://api.stratz.com/graphql "HTTP/1.1 200 OK"
2026-02-18 14:55:00,660 | INFO | HTTP Request: POST https://api.stratz.com/graphql "HTTP/1.1 200 OK"
2026-02-18 14:55:01,108 | INFO | HTTP Request: POST https://api.stratz.com/graphql "HTTP/1.1 200 OK"
2026-02-18 14:55:01,569 | INFO | HTTP Request: POST https://api.stratz.com/graphql "HTTP/1.1 200 OK"
2026-02-18 14:55:02,032 | INFO | HTTP Request: POST https://api.stratz.com/graphql "HTTP/1.1 200 OK"
2026-02-18 14:55:02,547 | INFO | HTTP Request: POST https://api.stratz.com/graphql "HTTP/1.1 200 OK"
2026-02-18 14:55:02,996 | INFO | HTTP Request: POST https://api.stratz.com/graphql "HTTP/1.1 200 OK"
2026-02-18 14:55:03,464 | INFO | HTTP Request: POST https://api.stratz.com/graphql "HTTP/1.1 200 OK"
2026-02-18 14:55:03,933 | INFO | HTTP Request: POST https://api.stratz.com/graphql "HTTP/1.1 200 OK"
2026-02-18 14:55:04,397 | INFO | HTTP Request: POST https://api.stratz.com/graphql "HTTP/1.1 200 OK"
2026-02-18 14:55:04,958 | INFO | HTTP Request: POST https://api.stratz.com/graphql "HTTP/1.1 200 OK"
2026-02-18 14:55:05,422 | INFO | HTTP Request: POST https://api.stratz.com/graphql "HTTP/1.1 200 OK"
2026-02-18 14:55:05,896 | INFO | HTTP Request: POST https://api.stratz.com/graphql "HTTP/1.1 200 OK"
2026-02-18 14:55:06,366 | INFO | HTTP Request: POST https://api.stratz.com/graphql "HTTP/1.1 200 OK"
2026-02-18 14:55:06,840 | INFO | HTTP Request: POST https://api.stratz.com/graphql "HTTP/1.1 200 OK"
2026-02-18 14:55:07,321 | INFO | HTTP Request: POST https://api.stratz.com/graphql "HTTP/1.1 200 OK"
2026-02-18 14:55:07,800 | INFO | HTTP Request: POST https://api.stratz.com/graphql "HTTP/1.1 200 OK"
2026-02-18 14:55:08,253 | INFO | HTTP Request: POST https://api.stratz.com/graphql "HTTP/1.1 200 OK"
2026-02-18 14:55:08,725 | INFO | HTTP Request: POST https://api.stratz.com/graphql "HTTP/1.1 200 OK"
2026-02-18 14:55:09,189 | INFO | HTTP Request: POST https://api.stratz.com/graphql "HTTP/1.1 200 OK"
2026-02-18 14:55:09,670 | INFO | HTTP Request: POST https://api.stratz.com/graphql "HTTP/1.1 200 OK"
2026-02-18 14:55:10,147 | INFO | HTTP Request: POST https://api.stratz.com/graphql "HTTP/1.1 200 OK"
2026-02-18 14:55:10,642 | INFO | HTTP Request: POST https://api.stratz.com/graphql "HTTP/1.1 200 OK"
2026-02-18 14:55:11,147 | INFO | HTTP Request: POST https://api.stratz.com/graphql "HTTP/1.1 200 OK"
2026-02-18 14:55:11,624 | INFO | HTTP Request: POST https://api.stratz.com/graphql "HTTP/1.1 200 OK"
2026-02-18 14:55:12,070 | INFO | HTTP Request: POST https://api.stratz.com/graphql "HTTP/1.1 200 OK"
2026-02-18 14:55:12,551 | INFO | HTTP Request: POST https://api.stratz.com/graphql "HTTP/1.1 200 OK"
2026-02-18 14:55:12,995 | INFO | HTTP Request: POST https://api.stratz.com/graphql "HTTP/1.1 200 OK"
2026-02-18 14:55:13,467 | INFO | HTTP Request: POST https://api.stratz.com/graphql "HTTP/1.1 200 OK"
2026-02-18 14:55:13,905 | INFO | HTTP Request: POST https://api.stratz.com/graphql "HTTP/1.1 200 OK"
2026-02-18 14:55:14,371 | INFO | HTTP Request: POST https://api.stratz.com/graphql "HTTP/1.1 200 OK"
2026-02-18 14:55:14,836 | INFO | HTTP Request: POST https://api.stratz.com/graphql "HTTP/1.1 200 OK"
2026-02-18 14:55:15,278 | INFO | HTTP Request: POST https://api.stratz.com/graphql "HTTP/1.1 200 OK"
2026-02-18 14:55:15,769 | INFO | HTTP Request: POST https://api.stratz.com/graphql "HTTP/1.1 200 OK"
2026-02-18 14:55:16,253 | INFO | HTTP Request: POST https://api.stratz.com/graphql "HTTP/1.1 200 OK"
2026-02-18 14:55:16,704 | INFO | HTTP Request: POST https://api.stratz.com/graphql "HTTP/1.1 200 OK"
2026-02-18 14:55:17,198 | INFO | HTTP Request: POST https://api.stratz.com/graphql "HTTP/1.1 200 OK"
2026-02-18 14:55:17,654 | INFO | HTTP Request: POST https://api.stratz.com/graphql "HTTP/1.1 200 OK"
2026-02-18 14:55:18,137 | INFO | HTTP Request: POST https://api.stratz.com/graphql "HTTP/1.1 200 OK"
2026-02-18 14:55:18,588 | INFO | HTTP Request: POST https://api.stratz.com/graphql "HTTP/1.1 200 OK"
2026-02-18 14:55:19,054 | INFO | HTTP Request: POST https://api.stratz.com/graphql "HTTP/1.1 200 OK"
2026-02-18 14:55:19,500 | INFO | HTTP Request: POST https://api.stratz.com/graphql "HTTP/1.1 200 OK"
2026-02-18 14:55:19,956 | INFO | HTTP Request: POST https://api.stratz.com/graphql "HTTP/1.1 200 OK"
2026-02-18 14:55:20,446 | INFO | HTTP Request: POST https://api.stratz.com/graphql "HTTP/1.1 200 OK"
2026-02-18 14:55:20,913 | INFO | HTTP Request: POST https://api.stratz.com/graphql "HTTP/1.1 200 OK"
2026-02-18 14:55:21,376 | INFO | HTTP Request: POST https://api.stratz.com/graphql "HTTP/1.1 200 OK"
2026-02-18 14:55:21,831 | INFO | HTTP Request: POST https://api.stratz.com/graphql "HTTP/1.1 200 OK"
2026-02-18 14:55:22,310 | INFO | HTTP Request: POST https://api.stratz.com/graphql "HTTP/1.1 200 OK"
2026-02-18 14:55:22,796 | INFO | HTTP Request: POST https://api.stratz.com/graphql "HTTP/1.1 200 OK"
2026-02-18 14:55:23,263 | INFO | HTTP Request: POST https://api.stratz.com/graphql "HTTP/1.1 200 OK"
2026-02-18 14:55:23,700 | INFO | HTTP Request: POST https://api.stratz.com/graphql "HTTP/1.1 200 OK"
2026-02-18 14:55:24,156 | INFO | HTTP Request: POST https://api.stratz.com/graphql "HTTP/1.1 200 OK"
2026-02-18 14:55:24,609 | INFO | HTTP Request: POST https://api.stratz.com/graphql "HTTP/1.1 200 OK"
2026-02-18 14:55:25,056 | INFO | HTTP Request: POST https://api.stratz.com/graphql "HTTP/1.1 200 OK"
2026-02-18 14:55:25,511 | INFO | HTTP Request: POST https://api.stratz.com/graphql "HTTP/1.1 200 OK"
2026-02-18 14:55:25,961 | INFO | HTTP Request: POST https://api.stratz.com/graphql "HTTP/1.1 200 OK"
2026-02-18 14:55:26,412 | INFO | HTTP Request: POST https://api.stratz.com/graphql "HTTP/1.1 200 OK"
2026-02-18 14:55:26,868 | INFO | HTTP Request: POST https://api.stratz.com/graphql "HTTP/1.1 200 OK"
2026-02-18 14:55:27,312 | INFO | HTTP Request: POST https://api.stratz.com/graphql "HTTP/1.1 200 OK"
2026-02-18 14:55:27,758 | INFO | HTTP Request: POST https://api.stratz.com/graphql "HTTP/1.1 200 OK"
2026-02-18 14:55:28,209 | INFO | HTTP Request: POST https://api.stratz.com/graphql "HTTP/1.1 200 OK"
2026-02-18 14:55:28,705 | INFO | HTTP Request: POST https://api.stratz.com/graphql "HTTP/1.1 200 OK"
2026-02-18 14:55:29,175 | INFO | HTTP Request: POST https://api.stratz.com/graphql "HTTP/1.1 200 OK"
2026-02-18 14:55:29,638 | INFO | HTTP Request: POST https://api.stratz.com/graphql "HTTP/1.1 200 OK"
2026-02-18 14:55:30,082 | INFO | HTTP Request: POST https://api.stratz.com/graphql "HTTP/1.1 200 OK"
2026-02-18 14:55:30,586 | INFO | HTTP Request: POST https://api.stratz.com/graphql "HTTP/1.1 200 OK"
2026-02-18 14:55:31,180 | INFO | HTTP Request: POST https://api.stratz.com/graphql "HTTP/1.1 200 OK"
2026-02-18 14:55:31,662 | INFO | HTTP Request: POST https://api.stratz.com/graphql "HTTP/1.1 200 OK"
2026-02-18 14:55:32,116 | INFO | HTTP Request: POST https://api.stratz.com/graphql "HTTP/1.1 200 OK"
2026-02-18 14:55:32,580 | INFO | HTTP Request: POST https://api.stratz.com/graphql "HTTP/1.1 200 OK"
2026-02-18 14:55:33,034 | INFO | HTTP Request: POST https://api.stratz.com/graphql "HTTP/1.1 200 OK"
2026-02-18 14:55:33,478 | INFO | HTTP Request: POST https://api.stratz.com/graphql "HTTP/1.1 200 OK"
2026-02-18 14:55:33,936 | INFO | HTTP Request: POST https://api.stratz.com/graphql "HTTP/1.1 200 OK"
2026-02-18 14:55:34,414 | INFO | HTTP Request: POST https://api.stratz.com/graphql "HTTP/1.1 200 OK"
2026-02-18 14:55:34,873 | INFO | HTTP Request: POST https://api.stratz.com/graphql "HTTP/1.1 200 OK"
2026-02-18 14:55:35,332 | INFO | HTTP Request: POST https://api.stratz.com/graphql "HTTP/1.1 200 OK"
2026-02-18 14:55:35,787 | INFO | HTTP Request: POST https://api.stratz.com/graphql "HTTP/1.1 200 OK"
2026-02-18 14:55:36,235 | INFO | HTTP Request: POST https://api.stratz.com/graphql "HTTP/1.1 200 OK"
2026-02-18 14:55:36,701 | INFO | HTTP Request: POST https://api.stratz.com/graphql "HTTP/1.1 200 OK"
2026-02-18 14:55:37,188 | INFO | HTTP Request: POST https://api.stratz.com/graphql "HTTP/1.1 200 OK"
2026-02-18 14:55:37,657 | INFO | HTTP Request: POST https://api.stratz.com/graphql "HTTP/1.1 200 OK"
2026-02-18 14:55:38,161 | INFO | HTTP Request: POST https://api.stratz.com/graphql "HTTP/1.1 200 OK"
2026-02-18 14:55:38,625 | INFO | HTTP Request: POST https://api.stratz.com/graphql "HTTP/1.1 200 OK"
2026-02-18 14:55:39,088 | INFO | HTTP Request: POST https://api.stratz.com/graphql "HTTP/1.1 200 OK"
2026-02-18 14:55:39,540 | INFO | HTTP Request: POST https://api.stratz.com/graphql "HTTP/1.1 200 OK"
2026-02-18 14:55:39,995 | INFO | HTTP Request: POST https://api.stratz.com/graphql "HTTP/1.1 200 OK"
2026-02-18 14:55:40,447 | INFO | HTTP Request: POST https://api.stratz.com/graphql "HTTP/1.1 200 OK"
2026-02-18 14:55:40,900 | INFO | HTTP Request: POST https://api.stratz.com/graphql "HTTP/1.1 200 OK"
2026-02-18 14:55:41,358 | INFO | HTTP Request: POST https://api.stratz.com/graphql "HTTP/1.1 200 OK"
2026-02-18 14:55:41,884 | INFO | HTTP Request: POST https://api.stratz.com/graphql "HTTP/1.1 200 OK"
2026-02-18 14:55:42,355 | INFO | HTTP Request: POST https://api.stratz.com/graphql "HTTP/1.1 200 OK"
2026-02-18 14:55:42,854 | INFO | HTTP Request: POST https://api.stratz.com/graphql "HTTP/1.1 200 OK"
2026-02-18 14:55:43,349 | INFO | HTTP Request: POST https://api.stratz.com/graphql "HTTP/1.1 200 OK"
2026-02-18 14:55:43,877 | INFO | HTTP Request: POST https://api.stratz.com/graphql "HTTP/1.1 200 OK"
2026-02-18 14:55:44,380 | INFO | HTTP Request: POST https://api.stratz.com/graphql "HTTP/1.1 200 OK"
2026-02-18 14:55:44,874 | INFO | HTTP Request: POST https://api.stratz.com/graphql "HTTP/1.1 200 OK"
2026-02-18 14:55:45,344 | INFO | HTTP Request: POST https://api.stratz.com/graphql "HTTP/1.1 200 OK"
2026-02-18 14:55:46,143 | INFO | HTTP Request: POST https://api.stratz.com/graphql "HTTP/1.1 200 OK"
2026-02-18 14:55:46,614 | INFO | HTTP Request: POST https://api.stratz.com/graphql "HTTP/1.1 200 OK"
2026-02-18 14:55:47,072 | INFO | HTTP Request: POST https://api.stratz.com/graphql "HTTP/1.1 200 OK"
2026-02-18 14:55:47,587 | INFO | HTTP Request: POST https://api.stratz.com/graphql "HTTP/1.1 200 OK"
2026-02-18 14:55:48,051 | INFO | HTTP Request: POST https://api.stratz.com/graphql "HTTP/1.1 200 OK"
2026-02-18 14:55:48,508 | INFO | HTTP Request: POST https://api.stratz.com/graphql "HTTP/1.1 200 OK"
2026-02-18 14:55:48,962 | INFO | HTTP Request: POST https://api.stratz.com/graphql "HTTP/1.1 200 OK"
2026-02-18 14:55:49,438 | INFO | HTTP Request: POST https://api.stratz.com/graphql "HTTP/1.1 200 OK"
2026-02-18 14:55:49,903 | INFO | HTTP Request: POST https://api.stratz.com/graphql "HTTP/1.1 200 OK"
2026-02-18 14:55:50,364 | INFO | HTTP Request: POST https://api.stratz.com/graphql "HTTP/1.1 200 OK"
2026-02-18 14:55:50,893 | INFO | HTTP Request: POST https://api.stratz.com/graphql "HTTP/1.1 200 OK"
2026-02-18 14:55:51,365 | INFO | HTTP Request: POST https://api.stratz.com/graphql "HTTP/1.1 200 OK"
2026-02-18 14:55:51,839 | INFO | HTTP Request: POST https://api.stratz.com/graphql "HTTP/1.1 200 OK"
2026-02-18 14:55:52,303 | INFO | HTTP Request: POST https://api.stratz.com/graphql "HTTP/1.1 200 OK"
2026-02-18 14:55:52,750 | INFO | HTTP Request: POST https://api.stratz.com/graphql "HTTP/1.1 200 OK"
2026-02-18 14:55:53,229 | INFO | HTTP Request: POST https://api.stratz.com/graphql "HTTP/1.1 200 OK"
2026-02-18 14:55:53,699 | INFO | HTTP Request: POST https://api.stratz.com/graphql "HTTP/1.1 200 OK"
2026-02-18 14:55:54,158 | INFO | HTTP Request: POST https://api.stratz.com/graphql "HTTP/1.1 200 OK"
2026-02-18 14:55:54,621 | INFO | HTTP Request: POST https://api.stratz.com/graphql "HTTP/1.1 200 OK"
2026-02-18 14:55:55,087 | INFO | HTTP Request: POST https://api.stratz.com/graphql "HTTP/1.1 200 OK"
2026-02-18 14:55:55,545 | INFO | HTTP Request: POST https://api.stratz.com/graphql "HTTP/1.1 200 OK"
2026-02-18 14:55:55,982 | INFO | HTTP Request: POST https://api.stratz.com/graphql "HTTP/1.1 200 OK"
2026-02-18 14:55:56,448 | INFO | HTTP Request: POST https://api.stratz.com/graphql "HTTP/1.1 200 OK"
2026-02-18 14:55:56,932 | INFO | HTTP Request: POST https://api.stratz.com/graphql "HTTP/1.1 200 OK"
2026-02-18 14:55:57,387 | INFO | HTTP Request: POST https://api.stratz.com/graphql "HTTP/1.1 200 OK"
2026-02-18 14:55:57,839 | INFO | HTTP Request: POST https://api.stratz.com/graphql "HTTP/1.1 200 OK"
2026-02-18 14:55:58,300 | INFO | HTTP Request: POST https://api.stratz.com/graphql "HTTP/1.1 200 OK"
2026-02-18 14:55:58,761 | INFO | HTTP Request: POST https://api.stratz.com/graphql "HTTP/1.1 200 OK"
2026-02-18 14:55:59,227 | INFO | HTTP Request: POST https://api.stratz.com/graphql "HTTP/1.1 200 OK"
2026-02-18 14:55:59,698 | INFO | HTTP Request: POST https://api.stratz.com/graphql "HTTP/1.1 200 OK"
2026-02-18 14:56:00,146 | INFO | HTTP Request: POST https://api.stratz.com/graphql "HTTP/1.1 200 OK"
2026-02-18 14:56:00,637 | INFO | HTTP Request: POST https://api.stratz.com/graphql "HTTP/1.1 200 OK"
2026-02-18 14:56:01,167 | INFO | HTTP Request: POST https://api.stratz.com/graphql "HTTP/1.1 200 OK"
2026-02-18 14:56:01,644 | INFO | HTTP Request: POST https://api.stratz.com/graphql "HTTP/1.1 200 OK"
2026-02-18 14:56:02,122 | INFO | HTTP Request: POST https://api.stratz.com/graphql "HTTP/1.1 200 OK"
2026-02-18 14:56:02,571 | INFO | HTTP Request: POST https://api.stratz.com/graphql "HTTP/1.1 200 OK"
2026-02-18 14:56:03,027 | INFO | HTTP Request: POST https://api.stratz.com/graphql "HTTP/1.1 200 OK"
2026-02-18 14:56:03,532 | INFO | HTTP Request: POST https://api.stratz.com/graphql "HTTP/1.1 200 OK"
2026-02-18 14:56:03,989 | INFO | HTTP Request: POST https://api.stratz.com/graphql "HTTP/1.1 200 OK"
2026-02-18 14:56:04,448 | INFO | HTTP Request: POST https://api.stratz.com/graphql "HTTP/1.1 200 OK"
2026-02-18 14:56:04,910 | INFO | HTTP Request: POST https://api.stratz.com/graphql "HTTP/1.1 200 OK"
2026-02-18 14:56:05,389 | INFO | HTTP Request: POST https://api.stratz.com/graphql "HTTP/1.1 200 OK"
2026-02-18 14:56:05,860 | INFO | HTTP Request: POST https://api.stratz.com/graphql "HTTP/1.1 200 OK"
2026-02-18 14:56:06,309 | INFO | HTTP Request: POST https://api.stratz.com/graphql "HTTP/1.1 200 OK"
2026-02-18 14:56:06,770 | INFO | HTTP Request: POST https://api.stratz.com/graphql "HTTP/1.1 200 OK"
2026-02-18 14:56:07,226 | INFO | HTTP Request: POST https://api.stratz.com/graphql "HTTP/1.1 200 OK"
2026-02-18 14:56:07,685 | INFO | HTTP Request: POST https://api.stratz.com/graphql "HTTP/1.1 200 OK"
2026-02-18 14:56:08,133 | INFO | HTTP Request: POST https://api.stratz.com/graphql "HTTP/1.1 200 OK"
2026-02-18 14:56:08,648 | INFO | HTTP Request: POST https://api.stratz.com/graphql "HTTP/1.1 200 OK"
2026-02-18 14:56:09,133 | INFO | HTTP Request: POST https://api.stratz.com/graphql "HTTP/1.1 200 OK"
2026-02-18 14:56:09,593 | INFO | HTTP Request: POST https://api.stratz.com/graphql "HTTP/1.1 200 OK"
2026-02-18 14:56:10,064 | INFO | HTTP Request: POST https://api.stratz.com/graphql "HTTP/1.1 200 OK"
2026-02-18 14:56:10,525 | INFO | HTTP Request: POST https://api.stratz.com/graphql "HTTP/1.1 200 OK"
2026-02-18 14:56:10,994 | INFO | HTTP Request: POST https://api.stratz.com/graphql "HTTP/1.1 200 OK"
2026-02-18 14:56:11,449 | INFO | HTTP Request: POST https://api.stratz.com/graphql "HTTP/1.1 200 OK"
2026-02-18 14:56:11,900 | INFO | HTTP Request: POST https://api.stratz.com/graphql "HTTP/1.1 200 OK"
2026-02-18 14:56:12,362 | INFO | HTTP Request: POST https://api.stratz.com/graphql "HTTP/1.1 200 OK"
2026-02-18 14:56:12,814 | INFO | HTTP Request: POST https://api.stratz.com/graphql "HTTP/1.1 200 OK"
2026-02-18 14:56:13,272 | INFO | HTTP Request: POST https://api.stratz.com/graphql "HTTP/1.1 200 OK"
2026-02-18 14:56:13,724 | INFO | HTTP Request: POST https://api.stratz.com/graphql "HTTP/1.1 200 OK"
2026-02-18 14:56:14,214 | INFO | HTTP Request: POST https://api.stratz.com/graphql "HTTP/1.1 200 OK"
2026-02-18 14:56:14,678 | INFO | HTTP Request: POST https://api.stratz.com/graphql "HTTP/1.1 200 OK"
2026-02-18 14:56:15,135 | INFO | HTTP Request: POST https://api.stratz.com/graphql "HTTP/1.1 200 OK"
2026-02-18 14:56:15,595 | INFO | HTTP Request: POST https://api.stratz.com/graphql "HTTP/1.1 200 OK"
2026-02-18 14:56:16,056 | INFO | HTTP Request: POST https://api.stratz.com/graphql "HTTP/1.1 200 OK"
2026-02-18 14:56:16,542 | INFO | HTTP Request: POST https://api.stratz.com/graphql "HTTP/1.1 200 OK"
2026-02-18 14:56:16,992 | INFO | HTTP Request: POST https://api.stratz.com/graphql "HTTP/1.1 200 OK"
2026-02-18 14:56:17,477 | INFO | HTTP Request: POST https://api.stratz.com/graphql "HTTP/1.1 200 OK"
2026-02-18 14:56:17,954 | INFO | HTTP Request: POST https://api.stratz.com/graphql "HTTP/1.1 200 OK"
2026-02-18 14:56:18,412 | INFO | HTTP Request: POST https://api.stratz.com/graphql "HTTP/1.1 200 OK"
2026-02-18 14:56:18,879 | INFO | HTTP Request: POST https://api.stratz.com/graphql "HTTP/1.1 200 OK"
2026-02-18 14:56:19,332 | INFO | HTTP Request: POST https://api.stratz.com/graphql "HTTP/1.1 200 OK"
2026-02-18 14:56:19,831 | INFO | HTTP Request: POST https://api.stratz.com/graphql "HTTP/1.1 200 OK"
2026-02-18 14:56:20,305 | INFO | HTTP Request: POST https://api.stratz.com/graphql "HTTP/1.1 200 OK"
2026-02-18 14:56:20,769 | INFO | HTTP Request: POST https://api.stratz.com/graphql "HTTP/1.1 200 OK"
2026-02-18 14:56:21,242 | INFO | HTTP Request: POST https://api.stratz.com/graphql "HTTP/1.1 200 OK"
2026-02-18 14:56:21,693 | INFO | HTTP Request: POST https://api.stratz.com/graphql "HTTP/1.1 200 OK"
2026-02-18 14:56:22,176 | INFO | HTTP Request: POST https://api.stratz.com/graphql "HTTP/1.1 200 OK"
2026-02-18 14:56:22,638 | INFO | HTTP Request: POST https://api.stratz.com/graphql "HTTP/1.1 200 OK"
2026-02-18 14:56:23,111 | INFO | HTTP Request: POST https://api.stratz.com/graphql "HTTP/1.1 200 OK"
2026-02-18 14:56:23,582 | INFO | HTTP Request: POST https://api.stratz.com/graphql "HTTP/1.1 200 OK"
2026-02-18 14:56:24,063 | INFO | HTTP Request: POST https://api.stratz.com/graphql "HTTP/1.1 200 OK"
2026-02-18 14:56:24,520 | INFO | HTTP Request: POST https://api.stratz.com/graphql "HTTP/1.1 200 OK"
2026-02-18 14:56:24,982 | INFO | HTTP Request: POST https://api.stratz.com/graphql "HTTP/1.1 200 OK"
2026-02-18 14:56:25,433 | INFO | HTTP Request: POST https://api.stratz.com/graphql "HTTP/1.1 200 OK"
2026-02-18 14:56:25,889 | INFO | HTTP Request: POST https://api.stratz.com/graphql "HTTP/1.1 200 OK"
2026-02-18 14:56:26,345 | INFO | HTTP Request: POST https://api.stratz.com/graphql "HTTP/1.1 200 OK"
2026-02-18 14:56:26,815 | INFO | HTTP Request: POST https://api.stratz.com/graphql "HTTP/1.1 200 OK"
2026-02-18 14:56:27,334 | INFO | HTTP Request: POST https://api.stratz.com/graphql "HTTP/1.1 200 OK"
2026-02-18 14:56:27,800 | INFO | HTTP Request: POST https://api.stratz.com/graphql "HTTP/1.1 200 OK"
2026-02-18 14:56:28,260 | INFO | HTTP Request: POST https://api.stratz.com/graphql "HTTP/1.1 200 OK"
2026-02-18 14:56:28,742 | INFO | HTTP Request: POST https://api.stratz.com/graphql "HTTP/1.1 200 OK"
2026-02-18 14:56:29,223 | INFO | HTTP Request: POST https://api.stratz.com/graphql "HTTP/1.1 200 OK"
2026-02-18 14:56:29,674 | INFO | HTTP Request: POST https://api.stratz.com/graphql "HTTP/1.1 200 OK"
2026-02-18 14:56:30,142 | INFO | HTTP Request: POST https://api.stratz.com/graphql "HTTP/1.1 200 OK"
2026-02-18 14:56:30,625 | INFO | HTTP Request: POST https://api.stratz.com/graphql "HTTP/1.1 200 OK"
2026-02-18 14:56:31,430 | INFO | HTTP Request: POST https://api.stratz.com/graphql "HTTP/1.1 200 OK"
2026-02-18 14:56:31,906 | INFO | HTTP Request: POST https://api.stratz.com/graphql "HTTP/1.1 200 OK"
2026-02-18 14:56:32,356 | INFO | HTTP Request: POST https://api.stratz.com/graphql "HTTP/1.1 200 OK"
2026-02-18 14:56:32,821 | INFO | HTTP Request: POST https://api.stratz.com/graphql "HTTP/1.1 200 OK"
2026-02-18 14:56:33,321 | INFO | HTTP Request: POST https://api.stratz.com/graphql "HTTP/1.1 200 OK"
2026-02-18 14:56:33,784 | INFO | HTTP Request: POST https://api.stratz.com/graphql "HTTP/1.1 200 OK"
2026-02-18 14:56:34,293 | INFO | HTTP Request: POST https://api.stratz.com/graphql "HTTP/1.1 200 OK"
2026-02-18 14:56:34,761 | INFO | HTTP Request: POST https://api.stratz.com/graphql "HTTP/1.1 200 OK"
2026-02-18 14:56:35,243 | INFO | HTTP Request: POST https://api.stratz.com/graphql "HTTP/1.1 200 OK"
2026-02-18 14:56:35,706 | INFO | HTTP Request: POST https://api.stratz.com/graphql "HTTP/1.1 200 OK"
2026-02-18 14:56:36,175 | INFO | HTTP Request: POST https://api.stratz.com/graphql "HTTP/1.1 200 OK"
2026-02-18 14:56:36,624 | INFO | HTTP Request: POST https://api.stratz.com/graphql "HTTP/1.1 200 OK"
2026-02-18 14:56:37,079 | INFO | HTTP Request: POST https://api.stratz.com/graphql "HTTP/1.1 200 OK"
2026-02-18 14:56:37,528 | INFO | HTTP Request: POST https://api.stratz.com/graphql "HTTP/1.1 200 OK"
2026-02-18 14:56:37,974 | INFO | HTTP Request: POST https://api.stratz.com/graphql "HTTP/1.1 200 OK"
2026-02-18 14:56:38,437 | INFO | HTTP Request: POST https://api.stratz.com/graphql "HTTP/1.1 200 OK"
2026-02-18 14:56:38,880 | INFO | HTTP Request: POST https://api.stratz.com/graphql "HTTP/1.1 200 OK"
2026-02-18 14:56:39,364 | INFO | HTTP Request: POST https://api.stratz.com/graphql "HTTP/1.1 200 OK"
2026-02-18 14:56:39,815 | INFO | HTTP Request: POST https://api.stratz.com/graphql "HTTP/1.1 200 OK"
2026-02-18 14:56:40,297 | INFO | HTTP Request: POST https://api.stratz.com/graphql "HTTP/1.1 200 OK"
2026-02-18 14:56:40,765 | INFO | HTTP Request: POST https://api.stratz.com/graphql "HTTP/1.1 200 OK"
2026-02-18 14:56:41,213 | INFO | HTTP Request: POST https://api.stratz.com/graphql "HTTP/1.1 200 OK"
2026-02-18 14:56:41,683 | INFO | HTTP Request: POST https://api.stratz.com/graphql "HTTP/1.1 200 OK"
2026-02-18 14:56:42,182 | INFO | HTTP Request: POST https://api.stratz.com/graphql "HTTP/1.1 200 OK"
2026-02-18 14:56:42,640 | INFO | HTTP Request: POST https://api.stratz.com/graphql "HTTP/1.1 200 OK"
2026-02-18 14:56:43,088 | INFO | HTTP Request: POST https://api.stratz.com/graphql "HTTP/1.1 200 OK"
2026-02-18 14:56:43,557 | INFO | HTTP Request: POST https://api.stratz.com/graphql "HTTP/1.1 200 OK"
2026-02-18 14:56:44,056 | INFO | HTTP Request: POST https://api.stratz.com/graphql "HTTP/1.1 200 OK"
2026-02-18 14:56:44,514 | INFO | HTTP Request: POST https://api.stratz.com/graphql "HTTP/1.1 200 OK"
2026-02-18 14:56:44,963 | INFO | HTTP Request: POST https://api.stratz.com/graphql "HTTP/1.1 200 OK"
2026-02-18 14:56:45,412 | INFO | HTTP Request: POST https://api.stratz.com/graphql "HTTP/1.1 200 OK"
2026-02-18 14:56:45,859 | INFO | HTTP Request: POST https://api.stratz.com/graphql "HTTP/1.1 200 OK"
2026-02-18 14:56:46,333 | INFO | HTTP Request: POST https://api.stratz.com/graphql "HTTP/1.1 200 OK"
2026-02-18 14:56:46,817 | INFO | HTTP Request: POST https://api.stratz.com/graphql "HTTP/1.1 200 OK"
2026-02-18 14:56:47,333 | INFO | HTTP Request: POST https://api.stratz.com/graphql "HTTP/1.1 200 OK"
2026-02-18 14:56:47,901 | INFO | HTTP Request: POST https://api.stratz.com/graphql "HTTP/1.1 200 OK"
2026-02-18 14:56:48,424 | INFO | Successfully inserted lane outcome data
2026-02-18 14:56:48,429 | INFO | Successfully inserted all data.
2026-02-18 15:34:18,596 | INFO | Processing 8400889142 (1/1)
2026-02-18 15:34:19,102 | INFO | HTTP Request: POST https://api.stratz.com/graphql "HTTP/1.1 200 OK"
2026-02-18 15:34:20,427 | INFO | Bulk inserted 1 rows into match_details
2026-02-18 15:34:20,629 | INFO | Bulk inserted 24 rows into match_pick_bans
2026-02-18 15:34:20,787 | INFO | Bulk inserted 10 rows into match_players
2026-02-18 15:34:20,990 | INFO | Bulk inserted 370 rows into match_performance_metrics
2026-02-18 15:35:40,684 | INFO | Processing 8400889142 (1/1)
2026-02-18 15:35:41,238 | INFO | HTTP Request: POST https://api.stratz.com/graphql "HTTP/1.1 200 OK"
2026-02-18 15:35:42,662 | INFO | Bulk inserted 1 rows into match_details
2026-02-18 15:35:42,860 | INFO | Bulk inserted 24 rows into match_pick_bans
2026-02-18 15:35:43,022 | INFO | Bulk inserted 10 rows into match_players
2026-02-18 15:35:43,186 | INFO | Bulk inserted 370 rows into match_performance_metrics
2026-02-18 15:37:53,691 | INFO | HTTP Request: POST https://api.stratz.com/graphql "HTTP/1.1 200 OK"
2026-02-18 17:39:49,224 | INFO | HTTP Request: POST https://api.stratz.com/graphql "HTTP/1.1 200 OK"
2026-02-18 17:40:16,081 | INFO | HTTP Request: POST https://api.stratz.com/graphql "HTTP/1.1 200 OK"
2026-02-18 17:45:10,352 | INFO | HTTP Request: POST https://api.stratz.com/graphql "HTTP/1.1 200 OK"
2026-02-18 17:45:20,863 | INFO | HTTP Request: POST https://api.stratz.com/graphql "HTTP/1.1 200 OK"
2026-02-18 17:45:25,070 | INFO | HTTP Request: POST https://api.stratz.com/graphql "HTTP/1.1 200 OK"
2026-02-18 18:41:34,837 | INFO | HTTP Request: POST https://api.stratz.com/graphql "HTTP/1.1 200 OK"
2026-02-20 10:27:12,730 | INFO | HTTP Request: POST https://api.stratz.com/graphql "HTTP/1.1 200 OK"
2026-02-22 16:09:31,631 | INFO | HTTP Request: POST https://api.stratz.com/graphql "HTTP/1.1 200 OK"
2026-02-22 16:23:22,728 | INFO | Processing 8183642521 (1/1)
2026-02-22 16:23:23,329 | INFO | HTTP Request: POST https://api.stratz.com/graphql "HTTP/1.1 200 OK"
2026-02-22 16:23:23,498 | ERROR | Error on match 8183642521: 'pickbans'
2026-02-22 16:23:23,716 | INFO | Bulk inserted 1 rows into match_details
2026-02-22 16:29:56,297 | INFO | HTTP Request: POST https://api.stratz.com/graphql "HTTP/1.1 200 OK"
2026-02-22 16:30:00,329 | INFO | Processing 8461476910 (1/1)
2026-02-22 16:30:00,870 | INFO | HTTP Request: POST https://api.stratz.com/graphql "HTTP/1.1 200 OK"
2026-02-22 16:30:01,039 | ERROR | Error on match 8461476910: 'pickbans'
2026-02-22 16:30:01,227 | INFO | Bulk inserted 1 rows into match_details
2026-02-22 17:11:12,231 | INFO | HTTP Request: POST https://api.stratz.com/graphql "HTTP/1.1 200 OK"
